Archive member included to satisfy reference by file (symbol)

C:/ST/STM32CubeIDE_1.18.1/STM32CubeIDE/plugins/com.st.stm32cube.ide.mcu.externaltools.gnu-tools-for-stm32.13.3.rel1.win32_1.0.0.202411081344/tools/bin/../lib/gcc/arm-none-eabi/13.3.1/../../../../arm-none-eabi/lib/thumb/v8-m.main+fp/hard\libc_nano.a(libc_a-exit.o)
                              C:/ST/STM32CubeIDE_1.18.1/STM32CubeIDE/plugins/com.st.stm32cube.ide.mcu.externaltools.gnu-tools-for-stm32.13.3.rel1.win32_1.0.0.202411081344/tools/bin/../lib/gcc/arm-none-eabi/13.3.1/../../../../arm-none-eabi/lib/thumb/v8-m.main+fp/hard/crt0.o (exit)
C:/ST/STM32CubeIDE_1.18.1/STM32CubeIDE/plugins/com.st.stm32cube.ide.mcu.externaltools.gnu-tools-for-stm32.13.3.rel1.win32_1.0.0.202411081344/tools/bin/../lib/gcc/arm-none-eabi/13.3.1/../../../../arm-none-eabi/lib/thumb/v8-m.main+fp/hard\libc_nano.a(libc_a-findfp.o)
                              C:/ST/STM32CubeIDE_1.18.1/STM32CubeIDE/plugins/com.st.stm32cube.ide.mcu.externaltools.gnu-tools-for-stm32.13.3.rel1.win32_1.0.0.202411081344/tools/bin/../lib/gcc/arm-none-eabi/13.3.1/../../../../arm-none-eabi/lib/thumb/v8-m.main+fp/hard\libc_nano.a(libc_a-exit.o) (__stdio_exit_handler)
C:/ST/STM32CubeIDE_1.18.1/STM32CubeIDE/plugins/com.st.stm32cube.ide.mcu.externaltools.gnu-tools-for-stm32.13.3.rel1.win32_1.0.0.202411081344/tools/bin/../lib/gcc/arm-none-eabi/13.3.1/../../../../arm-none-eabi/lib/thumb/v8-m.main+fp/hard\libc_nano.a(libc_a-fwalk.o)
                              C:/ST/STM32CubeIDE_1.18.1/STM32CubeIDE/plugins/com.st.stm32cube.ide.mcu.externaltools.gnu-tools-for-stm32.13.3.rel1.win32_1.0.0.202411081344/tools/bin/../lib/gcc/arm-none-eabi/13.3.1/../../../../arm-none-eabi/lib/thumb/v8-m.main+fp/hard\libc_nano.a(libc_a-findfp.o) (_fwalk_sglue)
C:/ST/STM32CubeIDE_1.18.1/STM32CubeIDE/plugins/com.st.stm32cube.ide.mcu.externaltools.gnu-tools-for-stm32.13.3.rel1.win32_1.0.0.202411081344/tools/bin/../lib/gcc/arm-none-eabi/13.3.1/../../../../arm-none-eabi/lib/thumb/v8-m.main+fp/hard\libc_nano.a(libc_a-stdio.o)
                              C:/ST/STM32CubeIDE_1.18.1/STM32CubeIDE/plugins/com.st.stm32cube.ide.mcu.externaltools.gnu-tools-for-stm32.13.3.rel1.win32_1.0.0.202411081344/tools/bin/../lib/gcc/arm-none-eabi/13.3.1/../../../../arm-none-eabi/lib/thumb/v8-m.main+fp/hard\libc_nano.a(libc_a-findfp.o) (__sread)
C:/ST/STM32CubeIDE_1.18.1/STM32CubeIDE/plugins/com.st.stm32cube.ide.mcu.externaltools.gnu-tools-for-stm32.13.3.rel1.win32_1.0.0.202411081344/tools/bin/../lib/gcc/arm-none-eabi/13.3.1/../../../../arm-none-eabi/lib/thumb/v8-m.main+fp/hard\libc_nano.a(libc_a-memset.o)
                              C:/ST/STM32CubeIDE_1.18.1/STM32CubeIDE/plugins/com.st.stm32cube.ide.mcu.externaltools.gnu-tools-for-stm32.13.3.rel1.win32_1.0.0.202411081344/tools/bin/../lib/gcc/arm-none-eabi/13.3.1/../../../../arm-none-eabi/lib/thumb/v8-m.main+fp/hard/crt0.o (memset)
C:/ST/STM32CubeIDE_1.18.1/STM32CubeIDE/plugins/com.st.stm32cube.ide.mcu.externaltools.gnu-tools-for-stm32.13.3.rel1.win32_1.0.0.202411081344/tools/bin/../lib/gcc/arm-none-eabi/13.3.1/../../../../arm-none-eabi/lib/thumb/v8-m.main+fp/hard\libc_nano.a(libc_a-closer.o)
                              C:/ST/STM32CubeIDE_1.18.1/STM32CubeIDE/plugins/com.st.stm32cube.ide.mcu.externaltools.gnu-tools-for-stm32.13.3.rel1.win32_1.0.0.202411081344/tools/bin/../lib/gcc/arm-none-eabi/13.3.1/../../../../arm-none-eabi/lib/thumb/v8-m.main+fp/hard\libc_nano.a(libc_a-stdio.o) (_close_r)
C:/ST/STM32CubeIDE_1.18.1/STM32CubeIDE/plugins/com.st.stm32cube.ide.mcu.externaltools.gnu-tools-for-stm32.13.3.rel1.win32_1.0.0.202411081344/tools/bin/../lib/gcc/arm-none-eabi/13.3.1/../../../../arm-none-eabi/lib/thumb/v8-m.main+fp/hard\libc_nano.a(libc_a-reent.o)
                              C:/ST/STM32CubeIDE_1.18.1/STM32CubeIDE/plugins/com.st.stm32cube.ide.mcu.externaltools.gnu-tools-for-stm32.13.3.rel1.win32_1.0.0.202411081344/tools/bin/../lib/gcc/arm-none-eabi/13.3.1/../../../../arm-none-eabi/lib/thumb/v8-m.main+fp/hard\libc_nano.a(libc_a-closer.o) (errno)
C:/ST/STM32CubeIDE_1.18.1/STM32CubeIDE/plugins/com.st.stm32cube.ide.mcu.externaltools.gnu-tools-for-stm32.13.3.rel1.win32_1.0.0.202411081344/tools/bin/../lib/gcc/arm-none-eabi/13.3.1/../../../../arm-none-eabi/lib/thumb/v8-m.main+fp/hard\libc_nano.a(libc_a-impure.o)
                              C:/ST/STM32CubeIDE_1.18.1/STM32CubeIDE/plugins/com.st.stm32cube.ide.mcu.externaltools.gnu-tools-for-stm32.13.3.rel1.win32_1.0.0.202411081344/tools/bin/../lib/gcc/arm-none-eabi/13.3.1/../../../../arm-none-eabi/lib/thumb/v8-m.main+fp/hard\libc_nano.a(libc_a-reent.o) (_impure_ptr)
C:/ST/STM32CubeIDE_1.18.1/STM32CubeIDE/plugins/com.st.stm32cube.ide.mcu.externaltools.gnu-tools-for-stm32.13.3.rel1.win32_1.0.0.202411081344/tools/bin/../lib/gcc/arm-none-eabi/13.3.1/../../../../arm-none-eabi/lib/thumb/v8-m.main+fp/hard\libc_nano.a(libc_a-lseekr.o)
[...]
Memory Configuration

Name             Origin             Length             Attributes
RAM              0x20000000         0x00008000         xrw
FLASH            0x08000000         0x00020000         xr
*default*        0x00000000         0xffffffff

Linker script and memory map

LOAD C:/ST/STM32CubeIDE_1.18.1/STM32CubeIDE/plugins/com.st.stm32cube.ide.mcu.externaltools.gnu-tools-for-stm32.13.3.rel1.win32_1.0.0.202411081344/tools/bin/../lib/gcc/arm-none-eabi/13.3.1/thumb/v8-m.main+fp/hard/crti.o
LOAD C:/ST/STM32CubeIDE_1.18.1/STM32CubeIDE/plugins/com.st.stm32cube.ide.mcu.externaltools.gnu-tools-for-stm32.13.3.rel1.win32_1.0.0.202411081344/tools/bin/../lib/gcc/arm-none-eabi/13.3.1/thumb/v8-m.main+fp/hard/crtbegin.o
LOAD C:/ST/STM32CubeIDE_1.18.1/STM32CubeIDE/plugins/com.st.stm32cube.ide.mcu.externaltools.gnu-tools-for-stm32.13.3.rel1.win32_1.0.0.202411081344/tools/bin/../lib/gcc/arm-none-eabi/13.3.1/../../../../arm-none-eabi/lib/thumb/v8-m.main+fp/hard/crt0.o
LOAD ./Core/Src/main.o
LOAD ./Core/Src/stm32h5xx_hal_msp.o
LOAD ./Core/Src/stm32h5xx_it.o
LOAD ./Core/Src/syscalls.o
LOAD ./Core/Src/sysmem.o
LOAD ./Core/Src/system_stm32h5xx.o
LOAD ./Core/Startup/startup_stm32h503cbux.o
LOAD ./Drivers/STM32H5xx_HAL_Driver/Src/stm32h5xx_hal.o
LOAD ./Drivers/STM32H5xx_HAL_Driver/Src/stm32h5xx_hal_cortex.o
LOAD ./Drivers/STM32H5xx_HAL_Driver/Src/stm32h5xx_hal_dma.o
LOAD ./Drivers/STM32H5xx_HAL_Driver/Src/stm32h5xx_hal_dma_ex.o
LOAD ./Drivers/STM32H5xx_HAL_Driver/Src/stm32h5xx_hal_exti.o
LOAD ./Drivers/STM32H5xx_HAL_Driver/Src/stm32h5xx_hal_flash.o
LOAD ./Drivers/STM32H5xx_HAL_Driver/Src/stm32h5xx_hal_flash_ex.o
LOAD ./Drivers/STM32H5xx_HAL_Driver/Src/stm32h5xx_hal_gpio.o
LOAD ./Drivers/STM32H5xx_HAL_Driver/Src/stm32h5xx_hal_pwr.o
LOAD ./Drivers/STM32H5xx_HAL_Driver/Src/stm32h5xx_hal_pwr_ex.o
LOAD ./Drivers/STM32H5xx_HAL_Driver/Src/stm32h5xx_hal_rcc.o
LOAD ./Drivers/STM32H5xx_HAL_Driver/Src/stm32h5xx_hal_rcc_ex.o
LOAD ./Drivers/STM32H5xx_HAL_Driver/Src/stm32h5xx_hal_tim.o
LOAD ./Drivers/STM32H5xx_HAL_Driver/Src/stm32h5xx_hal_tim_ex.o
START GROUP
LOAD C:/ST/STM32CubeIDE_1.18.1/STM32CubeIDE/plugins/com.st.stm32cube.ide.mcu.externaltools.gnu-tools-for-stm32.13.3.rel1.win32_1.0.0.202411081344/tools/bin/../lib/gcc/arm-none-eabi/13.3.1/../../../../arm-none-eabi/lib/thumb/v8-m.main+fp/hard\libc_nano.a
LOAD C:/ST/STM32CubeIDE_1.18.1/STM32CubeIDE/plugins/com.st.stm32cube.ide.mcu.externaltools.gnu-tools-for-stm32.13.3.rel1.win32_1.0.0.202411081344/tools/bin/../lib/gcc/arm-none-eabi/13.3.1/../../../../arm-none-eabi/lib/thumb/v8-m.main+fp/hard\libm.a
END GROUP
START GROUP
LOAD C:/ST/STM32CubeIDE_1.18.1/STM32CubeIDE/plugins/com.st.stm32cube.ide.mcu.externaltools.gnu-tools-for-stm32.13.3.rel1.win32_1.0.0.202411081344/tools/bin/../lib/gcc/arm-none-eabi/13.3.1/thumb/v8-m.main+fp/hard\libgcc.a
LOAD C:/ST/STM32CubeIDE_1.18.1/STM32CubeIDE/plugins/com.st.stm32cube.ide.mcu.externaltools.gnu-tools-for-stm32.13.3.rel1.win32_1.0.0.202411081344/tools/bin/../lib/gcc/arm-none-eabi/13.3.1/../../../../arm-none-eabi/lib/thumb/v8-m.main+fp/hard\libc_nano.a
END GROUP
START GROUP
LOAD C:/ST/STM32CubeIDE_1.18.1/STM32CubeIDE/plugins/com.st.stm32cube.ide.mcu.externaltools.gnu-tools-for-stm32.13.3.rel1.win32_1.0.0.202411081344/tools/bin/../lib/gcc/arm-none-eabi/13.3.1/thumb/v8-m.main+fp/hard\libgcc.a
LOAD C:/ST/STM32CubeIDE_1.18.1/STM32CubeIDE/plugins/com.st.stm32cube.ide.mcu.externaltools.gnu-tools-for-stm32.13.3.rel1.win32_1.0.0.202411081344/tools/bin/../lib/gcc/arm-none-eabi/13.3.1/../../../../arm-none-eabi/lib/thumb/v8-m.main+fp/hard\libc_nano.a
LOAD C:/ST/STM32CubeIDE_1.18.1/STM32CubeIDE/plugins/com.st.stm32cube.ide.mcu.externaltools.gnu-tools-for-stm32.13.3.rel1.win32_1.0.0.202411081344/tools/bin/../lib/gcc/arm-none-eabi/13.3.1/../../../../arm-none-eabi/lib/thumb/v8-m.main+fp/hard\libnosys.a
END GROUP
START GROUP
LOAD C:/ST/STM32CubeIDE_1.18.1/STM32CubeIDE/plugins/com.st.stm32cube.ide.mcu.externaltools.gnu-tools-for-stm32.13.3.rel1.win32_1.0.0.202411081344/tools/bin/../lib/gcc/arm-none-eabi/13.3.1/thumb/v8-m.main+fp/hard\libgcc.a
LOAD C:/ST/STM32CubeIDE_1.18.1/STM32CubeIDE/plugins/com.st.stm32cube.ide.mcu.externaltools.gnu-tools-for-stm32.13.3.rel1.win32_1.0.0.202411081344/tools/bin/../lib/gcc/arm-none-eabi/13.3.1/../../../../arm-none-eabi/lib/thumb/v8-m.main+fp/hard\libc_nano.a
LOAD C:/ST/STM32CubeIDE_1.18.1/STM32CubeIDE/plugins/com.st.stm32cube.ide.mcu.externaltools.gnu-tools-for-stm32.13.3.rel1.win32_1.0.0.202411081344/tools/bin/../lib/gcc/arm-none-eabi/13.3.1/../../../../arm-none-eabi/lib/thumb/v8-m.main+fp/hard\libnosys.a
END GROUP
LOAD C:/ST/STM32CubeIDE_1.18.1/STM32CubeIDE/plugins/com.st.stm32cube.ide.mcu.externaltools.gnu-tools-for-stm32.13.3.rel1.win32_1.0.0.202411081344/tools/bin/../lib/gcc/arm-none-eabi/13.3.1/thumb/v8-m.main+fp/hard/crtend.o
LOAD C:/ST/STM32CubeIDE_1.18.1/STM32CubeIDE/plugins/com.st.stm32cube.ide.mcu.externaltools.gnu-tools-for-stm32.13.3.rel1.win32_1.0.0.202411081344/tools/bin/../lib/gcc/arm-none-eabi/13.3.1/thumb/v8-m.main+fp/hard/crtn.o
                0x20008000                        _estack = (ORIGIN (RAM) + LENGTH (RAM))
                0x00000200                        _Min_Heap_Size = 0x200
                0x00000400                        _Min_Stack_Size = 0x400

.isr_vector     0x08000000      0x258
                0x08000000                        . = ALIGN (0x4)
 *(.isr_vector)
 .isr_vector    0x08000000      0x258 ./Core/Startup/startup_stm32h503cbux.o
                0x08000000                g_pfnVectors
                0x08000258                        . = ALIGN (0x4)

.text           0x08000258     0x37e0
                0x08000258                        . = ALIGN (0x4)
 *(.text)
 .text          0x08000258       0x40 C:/ST/STM32CubeIDE_1.18.1/STM32CubeIDE/plugins/com.st.stm32cube.ide.mcu.externaltools.gnu-tools-for-stm32.13.3.rel1.win32_1.0.0.202411081344/tools/bin/../lib/gcc/arm-none-eabi/13.3.1/thumb/v8-m.main+fp/hard/crtbegin.o
 *(.text*)
 .text.millis_init
                0x08000298       0x40 ./Core/Src/main.o
                0x08000298                millis_init
 .text.sensor_read
                0x080002d8       0x80 ./Core/Src/main.o
                0x080002d8                sensor_read
 .text.calculate_error
                0x08000358      0x390 ./Core/Src/main.o
                0x08000358                calculate_error
 .text.forward  0x080006e8       0x34 ./Core/Src/main.o
                0x080006e8                forward
 .text.set_speed
                0x0800071c       0xac ./Core/Src/main.o
                0x0800071c                set_speed
 .text.constrain
                0x080007c8       0x32 ./Core/Src/main.o
                0x080007c8                constrain
 *fill*         0x080007fa        0x2 
 .text.calculate_pid
                0x080007fc       0xb8 ./Core/Src/main.o
                0x080007fc                calculate_pid
 .text.motor_control
                0x080008b4       0xb0 ./Core/Src/main.o
                0x080008b4                motor_control
 .text.HAL_GPIO_EXTI_Rising_Callback
                0x08000964       0x64 ./Core/Src/main.o
                0x08000964                HAL_GPIO_EXTI_Rising_Callback
 .text.main     0x080009c8      0x14c ./Core/Src/main.o
                0x080009c8                main
 .text.SystemClock_Config
                0x08000b14       0xe4 ./Core/Src/main.o
                0x08000b14                SystemClock_Config
 .text.MX_TIM1_Init
                0x08000bf8      0x164 ./Core/Src/main.o
 .text.MX_TIM2_Init
                0x08000d5c       0xec ./Core/Src/main.o
 .text.MX_GPIO_Init
                0x08000e48      0x12c ./Core/Src/main.o
 .text.Error_Handler
                0x08000f74        0xc ./Core/Src/main.o
                0x08000f74                Error_Handler
 .text.HAL_MspInit
                0x08000f80        0xe ./Core/Src/stm32h5xx_hal_msp.o
                0x08000f80                HAL_MspInit
 *fill*         0x08000f8e        0x2 
 .text.HAL_TIM_Base_MspInit
                0x08000f90       0x70 ./Core/Src/stm32h5xx_hal_msp.o
                0x08000f90                HAL_TIM_Base_MspInit
 .text.HAL_TIM_MspPostInit
                0x08001000       0xc0 ./Core/Src/stm32h5xx_hal_msp.o
                0x08001000                HAL_TIM_MspPostInit
 .text.NMI_Handler
                0x080010c0        0x8 ./Core/Src/stm32h5xx_it.o
                0x080010c0                NMI_Handler
 .text.HardFault_Handler
                0x080010c8        0x8 ./Core/Src/stm32h5xx_it.o
                0x080010c8                HardFault_Handler
 .text.MemManage_Handler
                0x080010d0        0x8 ./Core/Src/stm32h5xx_it.o
                0x080010d0                MemManage_Handler
 .text.BusFault_Handler
                0x080010d8        0x8 ./Core/Src/stm32h5xx_it.o
                0x080010d8                BusFault_Handler
 .text.UsageFault_Handler
                0x080010e0        0x8 ./Core/Src/stm32h5xx_it.o
                0x080010e0                UsageFault_Handler
 .text.SVC_Handler
                0x080010e8        0xe ./Core/Src/stm32h5xx_it.o
                0x080010e8                SVC_Handler
 .text.DebugMon_Handler
                0x080010f6        0xe ./Core/Src/stm32h5xx_it.o
                0x080010f6                DebugMon_Handler
 .text.PendSV_Handler
                0x08001104        0xe ./Core/Src/stm32h5xx_it.o
                0x08001104                PendSV_Handler
 *fill*         0x08001112        0x2 
 .text.SysTick_Handler
                0x08001114       0x68 ./Core/Src/stm32h5xx_it.o
                0x08001114                SysTick_Handler
 .text.EXTI15_IRQHandler
                0x0800117c       0x10 ./Core/Src/stm32h5xx_it.o
                0x0800117c                EXTI15_IRQHandler
 .text.SystemInit
                0x0800118c       0xe4 ./Core/Src/system_stm32h5xx.o
                0x0800118c                SystemInit
 .text.Reset_Handler
                0x08001270       0x50 ./Core/Startup/startup_stm32h503cbux.o
                0x08001270                Reset_Handler
 .text.Default_Handler
                0x080012c0        0x2 ./Core/Startup/startup_stm32h503cbux.o
                0x080012c0                EXTI2_IRQHandler
                0x080012c0                EXTI5_IRQHandler
                0x080012c0                I3C1_ER_IRQHandler
                0x080012c0                GPDMA2_Channel1_IRQHandler
                0x080012c0                EXTI13_IRQHandler
                0x080012c0                TIM1_CC_IRQHandler
                0x080012c0                GPDMA2_Channel3_IRQHandler
                0x080012c0                TAMP_IRQHandler
                0x080012c0                TIM6_IRQHandler
                0x080012c0                EXTI12_IRQHandler
                0x080012c0                USB_DRD_FS_IRQHandler
                0x080012c0                EXTI3_IRQHandler
                0x080012c0                GPDMA1_Channel5_IRQHandler
                0x080012c0                EXTI8_IRQHandler
                0x080012c0                GPDMA2_Channel5_IRQHandler
                0x080012c0                LPTIM2_IRQHandler
                0x080012c0                GPDMA2_Channel2_IRQHandler
                0x080012c0                EXTI0_IRQHandler
                0x080012c0                I2C2_EV_IRQHandler
                0x080012c0                FPU_IRQHandler
                0x080012c0                GPDMA1_Channel3_IRQHandler
                0x080012c0                GPDMA1_Channel7_IRQHandler
                0x080012c0                FDCAN1_IT1_IRQHandler
                0x080012c0                RAMCFG_IRQHandler
                0x080012c0                SPI1_IRQHandler
                0x080012c0                GPDMA1_Channel2_IRQHandler
                0x080012c0                ADC1_IRQHandler
                0x080012c0                I3C2_ER_IRQHandler
                0x080012c0                USART3_IRQHandler
                0x080012c0                RTC_IRQHandler
                0x080012c0                EXTI9_IRQHandler
                0x080012c0                I3C2_EV_IRQHandler
                0x080012c0                I2C1_EV_IRQHandler
                0x080012c0                GPDMA1_Channel1_IRQHandler
                0x080012c0                TIM3_IRQHandler
                0x080012c0                RCC_IRQHandler
                0x080012c0                TIM1_TRG_COM_IRQHandler
                0x080012c0                Default_Handler
                0x080012c0                GPDMA2_Channel4_IRQHandler
                0x080012c0                TIM7_IRQHandler
                0x080012c0                GPDMA1_Channel0_IRQHandler
                0x080012c0                I3C1_EV_IRQHandler
                0x080012c0                PVD_AVD_IRQHandler
                0x080012c0                SPI2_IRQHandler
                0x080012c0                EXTI14_IRQHandler
                0x080012c0                EXTI11_IRQHandler
                0x080012c0                CRS_IRQHandler
                0x080012c0                EXTI4_IRQHandler
                0x080012c0                GPDMA2_Channel0_IRQHandler
                0x080012c0                RNG_IRQHandler
                0x080012c0                GPDMA2_Channel6_IRQHandler
                0x080012c0                TIM1_UP_IRQHandler
                0x080012c0                WWDG_IRQHandler
                0x080012c0                IWDG_IRQHandler
                0x080012c0                LPUART1_IRQHandler
                0x080012c0                FDCAN1_IT0_IRQHandler
                0x080012c0                TIM2_IRQHandler
                0x080012c0                GPDMA1_Channel4_IRQHandler
                0x080012c0                EXTI7_IRQHandler
                0x080012c0                TIM1_BRK_IRQHandler
                0x080012c0                EXTI1_IRQHandler
                0x080012c0                DAC1_IRQHandler
                0x080012c0                DTS_IRQHandler
                0x080012c0                GTZC_IRQHandler
                0x080012c0                USART2_IRQHandler
                0x080012c0                GPDMA1_Channel6_IRQHandler
                0x080012c0                GPDMA2_Channel7_IRQHandler
                0x080012c0                I2C2_ER_IRQHandler
                0x080012c0                FLASH_IRQHandler
                0x080012c0                USART1_IRQHandler
                0x080012c0                EXTI10_IRQHandler
                0x080012c0                SPI3_IRQHandler
                0x080012c0                I2C1_ER_IRQHandler
                0x080012c0                EXTI6_IRQHandler
                0x080012c0                COMP1_IRQHandler
                0x080012c0                LPTIM1_IRQHandler
                0x080012c0                ICACHE_IRQHandler
                0x080012c0                HASH_IRQHandler
 *fill*         0x080012c2        0x2 
 .text.HAL_Init
                0x080012c4       0x50 ./Drivers/STM32H5xx_HAL_Driver/Src/stm32h5xx_hal.o
                0x080012c4                HAL_Init
 .text.HAL_InitTick
                0x08001314       0xec ./Drivers/STM32H5xx_HAL_Driver/Src/stm32h5xx_hal.o
                0x08001314                HAL_InitTick
 .text.HAL_IncTick
                0x08001400       0x28 ./Drivers/STM32H5xx_HAL_Driver/Src/stm32h5xx_hal.o
                0x08001400                HAL_IncTick
 .text.HAL_GetTick
                0x08001428       0x18 ./Drivers/STM32H5xx_HAL_Driver/Src/stm32h5xx_hal.o
                0x08001428                HAL_GetTick
 .text.HAL_Delay
                0x08001440       0x48 ./Drivers/STM32H5xx_HAL_Driver/Src/stm32h5xx_hal.o
                0x08001440                HAL_Delay
 .text.__NVIC_SetPriorityGrouping
                0x08001488       0x48 ./Drivers/STM32H5xx_HAL_Driver/Src/stm32h5xx_hal_cortex.o
 .text.__NVIC_GetPriorityGrouping
                0x080014d0       0x1c ./Drivers/STM32H5xx_HAL_Driver/Src/stm32h5xx_hal_cortex.o
 .text.__NVIC_EnableIRQ
                0x080014ec       0x3c ./Drivers/STM32H5xx_HAL_Driver/Src/stm32h5xx_hal_cortex.o
 .text.__NVIC_SetPriority
                0x08001528       0x54 ./Drivers/STM32H5xx_HAL_Driver/Src/stm32h5xx_hal_cortex.o
 .text.NVIC_EncodePriority
                0x0800157c       0x66 ./Drivers/STM32H5xx_HAL_Driver/Src/stm32h5xx_hal_cortex.o
 .text.HAL_NVIC_SetPriorityGrouping
                0x080015e2       0x16 ./Drivers/STM32H5xx_HAL_Driver/Src/stm32h5xx_hal_cortex.o
                0x080015e2                HAL_NVIC_SetPriorityGrouping
 .text.HAL_NVIC_SetPriority
                0x080015f8       0x34 ./Drivers/STM32H5xx_HAL_Driver/Src/stm32h5xx_hal_cortex.o
                0x080015f8                HAL_NVIC_SetPriority
 .text.HAL_NVIC_EnableIRQ
                0x0800162c       0x1c ./Drivers/STM32H5xx_HAL_Driver/Src/stm32h5xx_hal_cortex.o
                0x0800162c                HAL_NVIC_EnableIRQ
 .text.HAL_SYSTICK_Config
                0x08001648       0x44 ./Drivers/STM32H5xx_HAL_Driver/Src/stm32h5xx_hal_cortex.o
                0x08001648                HAL_SYSTICK_Config
 .text.HAL_SYSTICK_CLKSourceConfig
                0x0800168c       0xb0 ./Drivers/STM32H5xx_HAL_Driver/Src/stm32h5xx_hal_cortex.o
                0x0800168c                HAL_SYSTICK_CLKSourceConfig
 .text.HAL_SYSTICK_GetCLKSourceConfig
                0x0800173c       0x6c ./Drivers/STM32H5xx_HAL_Driver/Src/stm32h5xx_hal_cortex.o
                0x0800173c                HAL_SYSTICK_GetCLKSourceConfig
 .text.HAL_GPIO_Init
                0x080017a8      0x2bc ./Drivers/STM32H5xx_HAL_Driver/Src/stm32h5xx_hal_gpio.o
                0x080017a8                HAL_GPIO_Init
 .text.HAL_GPIO_ReadPin
                0x08001a64       0x30 ./Drivers/STM32H5xx_HAL_Driver/Src/stm32h5xx_hal_gpio.o
                0x08001a64                HAL_GPIO_ReadPin
 .text.HAL_GPIO_WritePin
                0x08001a94       0x30 ./Drivers/STM32H5xx_HAL_Driver/Src/stm32h5xx_hal_gpio.o
                0x08001a94                HAL_GPIO_WritePin
 .text.HAL_GPIO_EXTI_IRQHandler
                0x08001ac4       0x4c ./Drivers/STM32H5xx_HAL_Driver/Src/stm32h5xx_hal_gpio.o
                0x08001ac4                HAL_GPIO_EXTI_IRQHandler
 .text.HAL_GPIO_EXTI_Falling_Callback
                0x08001b10       0x16 ./Drivers/STM32H5xx_HAL_Driver/Src/stm32h5xx_hal_gpio.o
                0x08001b10                HAL_GPIO_EXTI_Falling_Callback
 *fill*         0x08001b26        0x2 
 .text.HAL_RCC_OscConfig
                0x08001b28      0x870 ./Drivers/STM32H5xx_HAL_Driver/Src/stm32h5xx_hal_rcc.o
                0x08001b28                HAL_RCC_OscConfig
 .text.HAL_RCC_ClockConfig
                0x08002398      0x370 ./Drivers/STM32H5xx_HAL_Driver/Src/stm32h5xx_hal_rcc.o
                0x08002398                HAL_RCC_ClockConfig
 .text.HAL_RCC_GetSysClockFreq
                0x08002708      0x258 ./Drivers/STM32H5xx_HAL_Driver/Src/stm32h5xx_hal_rcc.o
                0x08002708                HAL_RCC_GetSysClockFreq
 .text.HAL_RCC_GetHCLKFreq
                0x08002960       0x38 ./Drivers/STM32H5xx_HAL_Driver/Src/stm32h5xx_hal_rcc.o
                0x08002960                HAL_RCC_GetHCLKFreq
 .text.HAL_TIM_Base_Init
                0x08002998       0xae ./Drivers/STM32H5xx_HAL_Driver/Src/stm32h5xx_hal_tim.o
                0x08002998                HAL_TIM_Base_Init
 .text.HAL_TIM_PWM_Init
                0x08002a46       0xae ./Drivers/STM32H5xx_HAL_Driver/Src/stm32h5xx_hal_tim.o
                0x08002a46                HAL_TIM_PWM_Init
 .text.HAL_TIM_PWM_MspInit
                0x08002af4       0x14 ./Drivers/STM32H5xx_HAL_Driver/Src/stm32h5xx_hal_tim.o
                0x08002af4                HAL_TIM_PWM_MspInit
 .text.HAL_TIM_PWM_Start
                0x08002b08      0x19c ./Drivers/STM32H5xx_HAL_Driver/Src/stm32h5xx_hal_tim.o
                0x08002b08                HAL_TIM_PWM_Start
 .text.HAL_TIM_PWM_ConfigChannel
                0x08002ca4      0x228 ./Drivers/STM32H5xx_HAL_Driver/Src/stm32h5xx_hal_tim.o
                0x08002ca4                HAL_TIM_PWM_ConfigChannel
 .text.HAL_TIM_ConfigClockSource
                0x08002ecc      0x23c ./Drivers/STM32H5xx_HAL_Driver/Src/stm32h5xx_hal_tim.o
                0x08002ecc                HAL_TIM_ConfigClockSource
 .text.TIM_Base_SetConfig
                0x08003108       0xcc ./Drivers/STM32H5xx_HAL_Driver/Src/stm32h5xx_hal_tim.o
                0x08003108                TIM_Base_SetConfig
 .text.TIM_OC1_SetConfig
                0x080031d4       0xd0 ./Drivers/STM32H5xx_HAL_Driver/Src/stm32h5xx_hal_tim.o
 .text.TIM_OC2_SetConfig
                0x080032a4       0xdc ./Drivers/STM32H5xx_HAL_Driver/Src/stm32h5xx_hal_tim.o
                0x080032a4                TIM_OC2_SetConfig
 .text.TIM_OC3_SetConfig
                0x08003380       0xd8 ./Drivers/STM32H5xx_HAL_Driver/Src/stm32h5xx_hal_tim.o
 .text.TIM_OC4_SetConfig
                0x08003458       0xdc ./Drivers/STM32H5xx_HAL_Driver/Src/stm32h5xx_hal_tim.o
 .text.TIM_OC5_SetConfig
                0x08003534       0x98 ./Drivers/STM32H5xx_HAL_Driver/Src/stm32h5xx_hal_tim.o
 .text.TIM_OC6_SetConfig
                0x080035cc       0x9c ./Drivers/STM32H5xx_HAL_Driver/Src/stm32h5xx_hal_tim.o
 .text.TIM_TI1_ConfigInputStage
                0x08003668       0x5e ./Drivers/STM32H5xx_HAL_Driver/Src/stm32h5xx_hal_tim.o
 .text.TIM_TI2_ConfigInputStage
                0x080036c6       0x60 ./Drivers/STM32H5xx_HAL_Driver/Src/stm32h5xx_hal_tim.o
 .text.TIM_ITRx_SetConfig
                0x08003726       0x3a ./Drivers/STM32H5xx_HAL_Driver/Src/stm32h5xx_hal_tim.o
 .text.TIM_ETR_SetConfig
                0x08003760       0x40 ./Drivers/STM32H5xx_HAL_Driver/Src/stm32h5xx_hal_tim.o
                0x08003760                TIM_ETR_SetConfig
 .text.TIM_CCxChannelCmd
                0x080037a0       0x4a ./Drivers/STM32H5xx_HAL_Driver/Src/stm32h5xx_hal_tim.o
                0x080037a0                TIM_CCxChannelCmd
 *fill*         0x080037ea        0x2 
 .text.HAL_TIMEx_MasterConfigSynchronization
                0x080037ec       0xd0 ./Drivers/STM32H5xx_HAL_Driver/Src/stm32h5xx_hal_tim_ex.o
                0x080037ec                HAL_TIMEx_MasterConfigSynchronization
 .text.HAL_TIMEx_ConfigBreakDeadTime
                0x080038bc      0x10c ./Drivers/STM32H5xx_HAL_Driver/Src/stm32h5xx_hal_tim_ex.o
                0x080038bc                HAL_TIMEx_ConfigBreakDeadTime
 .text.memset   0x080039c8       0x10 C:/ST/STM32CubeIDE_1.18.1/STM32CubeIDE/plugins/com.st.stm32cube.ide.mcu.externaltools.gnu-tools-for-stm32.13.3.rel1.win32_1.0.0.202411081344/tools/bin/../lib/gcc/arm-none-eabi/13.3.1/../../../../arm-none-eabi/lib/thumb/v8-m.main+fp/hard\libc_nano.a(libc_a-memset.o)
                0x080039c8                memset
 .text.__libc_init_array
                0x080039d8       0x48 C:/ST/STM32CubeIDE_1.18.1/STM32CubeIDE/plugins/com.st.stm32cube.ide.mcu.externaltools.gnu-tools-for-stm32.13.3.rel1.win32_1.0.0.202411081344/tools/bin/../lib/gcc/arm-none-eabi/13.3.1/../../../../arm-none-eabi/lib/thumb/v8-m.main+fp/hard\libc_nano.a(libc_a-init.o)
                0x080039d8                __libc_init_array
 *(.glue_7)
 .glue_7        0x08003a20        0x0 linker stubs
 *(.glue_7t)
 .glue_7t       0x08003a20        0x0 linker stubs
 *(.eh_frame)
 .eh_frame      0x08003a20        0x0 C:/ST/STM32CubeIDE_1.18.1/STM32CubeIDE/plugins/com.st.stm32cube.ide.mcu.externaltools.gnu-tools-for-stm32.13.3.rel1.win32_1.0.0.202411081344/tools/bin/../lib/gcc/arm-none-eabi/13.3.1/thumb/v8-m.main+fp/hard/crtbegin.o
 *(.init)
 .init          0x08003a20        0x4 C:/ST/STM32CubeIDE_1.18.1/STM32CubeIDE/plugins/com.st.stm32cube.ide.mcu.externaltools.gnu-tools-for-stm32.13.3.rel1.win32_1.0.0.202411081344/tools/bin/../lib/gcc/arm-none-eabi/13.3.1/thumb/v8-m.main+fp/hard/crti.o
                0x08003a20                _init
 .init          0x08003a24        0x8 C:/ST/STM32CubeIDE_1.18.1/STM32CubeIDE/plugins/com.st.stm32cube.ide.mcu.externaltools.gnu-tools-for-stm32.13.3.rel1.win32_1.0.0.202411081344/tools/bin/../lib/gcc/arm-none-eabi/13.3.1/thumb/v8-m.main+fp/hard/crtn.o
 *(.fini)
 .fini          0x08003a2c        0x4 C:/ST/STM32CubeIDE_1.18.1/STM32CubeIDE/plugins/com.st.stm32cube.ide.mcu.externaltools.gnu-tools-for-stm32.13.3.rel1.win32_1.0.0.202411081344/tools/bin/../lib/gcc/arm-none-eabi/13.3.1/thumb/v8-m.main+fp/hard/crti.o
                0x08003a2c                _fini
 .fini          0x08003a30        0x8 C:/ST/STM32CubeIDE_1.18.1/STM32CubeIDE/plugins/com.st.stm32cube.ide.mcu.externaltools.gnu-tools-for-stm32.13.3.rel1.win32_1.0.0.202411081344/tools/bin/../lib/gcc/arm-none-eabi/13.3.1/thumb/v8-m.main+fp/hard/crtn.o
                0x08003a38                        . = ALIGN (0x4)
                0x08003a38                        _etext = .

.vfp11_veneer   0x08003a38        0x0
 .vfp11_veneer  0x08003a38        0x0 linker stubs

.v4_bx          0x08003a38        0x0
 .v4_bx         0x08003a38        0x0 linker stubs

.iplt           0x08003a38        0x0
 .iplt          0x08003a38        0x0 C:/ST/STM32CubeIDE_1.18.1/STM32CubeIDE/plugins/com.st.stm32cube.ide.mcu.externaltools.gnu-tools-for-stm32.13.3.rel1.win32_1.0.0.202411081344/tools/bin/../lib/gcc/arm-none-eabi/13.3.1/thumb/v8-m.main+fp/hard/crtbegin.o

.rodata         0x08003a38       0x10
                0x08003a38                        . = ALIGN (0x4)
 *(.rodata)
 *(.rodata*)
 .rodata.AHBPrescTable
                0x08003a38       0x10 ./Core/Src/system_stm32h5xx.o
                0x08003a38                AHBPrescTable
                0x08003a48                        . = ALIGN (0x4)

.ARM.extab      0x08003a48        0x0
                0x08003a48                        . = ALIGN (0x4)
 *(.ARM.extab* .gnu.linkonce.armextab.*)
                0x08003a48                        . = ALIGN (0x4)

.ARM            0x08003a48        0x0
                0x08003a48                        . = ALIGN (0x4)
                0x08003a48                        __exidx_start = .
 *(.ARM.exidx*)
                0x08003a48                        __exidx_end = .
                0x08003a48                        . = ALIGN (0x4)

.preinit_array  0x08003a48        0x0
                0x08003a48                        . = ALIGN (0x4)
                0x08003a48                        PROVIDE (__preinit_array_start = .)
 *(.preinit_array*)
                0x08003a48                        PROVIDE (__preinit_array_end = .)
                0x08003a48                        . = ALIGN (0x4)

.init_array     0x08003a48        0x4
                0x08003a48                        . = ALIGN (0x4)
                0x08003a48                        PROVIDE (__init_array_start = .)
 *(SORT_BY_NAME(.init_array.*))
 *(.init_array*)
 .init_array    0x08003a48        0x4 C:/ST/STM32CubeIDE_1.18.1/STM32CubeIDE/plugins/com.st.stm32cube.ide.mcu.externaltools.gnu-tools-for-stm32.13.3.rel1.win32_1.0.0.202411081344/tools/bin/../lib/gcc/arm-none-eabi/13.3.1/thumb/v8-m.main+fp/hard/crtbegin.o
                0x08003a4c                        PROVIDE (__init_array_end = .)
                0x08003a4c                        . = ALIGN (0x4)

.fini_array     0x08003a4c        0x4
                0x08003a4c                        . = ALIGN (0x4)
                [!provide]                        PROVIDE (__fini_array_start = .)
 *(SORT_BY_NAME(.fini_array.*))
 *(.fini_array*)
 .fini_array    0x08003a4c        0x4 C:/ST/STM32CubeIDE_1.18.1/STM32CubeIDE/plugins/com.st.stm32cube.ide.mcu.externaltools.gnu-tools-for-stm32.13.3.rel1.win32_1.0.0.202411081344/tools/bin/../lib/gcc/arm-none-eabi/13.3.1/thumb/v8-m.main+fp/hard/crtbegin.o
                [!provide]                        PROVIDE (__fini_array_end = .)
                0x08003a50                        . = ALIGN (0x4)
                0x08003a50                        _sidata = LOADADDR (.data)

.rel.dyn        0x08003a50        0x0
 .rel.iplt      0x08003a50        0x0 C:/ST/STM32CubeIDE_1.18.1/STM32CubeIDE/plugins/com.st.stm32cube.ide.mcu.externaltools.gnu-tools-for-stm32.13.3.rel1.win32_1.0.0.202411081344/tools/bin/../lib/gcc/arm-none-eabi/13.3.1/thumb/v8-m.main+fp/hard/crtbegin.o

.data           0x20000000       0x18 load address 0x08003a50
                0x20000000                        . = ALIGN (0x4)
                0x20000000                        _sdata = .
 *(.data)
 *(.data*)
 .data.Kp       0x20000000        0x4 ./Core/Src/main.o
                0x20000000                Kp
 .data.Kd       0x20000004        0x4 ./Core/Src/main.o
                0x20000004                Kd
 .data.initial_motor_speed
                0x20000008        0x2 ./Core/Src/main.o
                0x20000008                initial_motor_speed
 *fill*         0x2000000a        0x2 
 .data.SystemCoreClock
                0x2000000c        0x4 ./Core/Src/system_stm32h5xx.o
                0x2000000c                SystemCoreClock
 .data.uwTickPrio
                0x20000010        0x4 ./Drivers/STM32H5xx_HAL_Driver/Src/stm32h5xx_hal.o
                0x20000010                uwTickPrio
 .data.uwTickFreq
                0x20000014        0x1 ./Drivers/STM32H5xx_HAL_Driver/Src/stm32h5xx_hal.o
                0x20000014                uwTickFreq
 *(.RamFunc)
 *(.RamFunc*)
                0x20000018                        . = ALIGN (0x4)
 *fill*         0x20000015        0x3 
                0x20000018                        _edata = .

.igot.plt       0x20000018        0x0 load address 0x08003a68
 .igot.plt      0x20000018        0x0 C:/ST/STM32CubeIDE_1.18.1/STM32CubeIDE/plugins/com.st.stm32cube.ide.mcu.externaltools.gnu-tools-for-stm32.13.3.rel1.win32_1.0.0.202411081344/tools/bin/../lib/gcc/arm-none-eabi/13.3.1/thumb/v8-m.main+fp/hard/crtbegin.o
                0x20000018                        . = ALIGN (0x4)

.bss            0x20000018       0xec load address 0x08003a68
                0x20000018                        _sbss = .
                0x20000018                        __bss_start__ = _sbss
 *(.bss)
 .bss           0x20000018       0x1c C:/ST/STM32CubeIDE_1.18.1/STM32CubeIDE/plugins/com.st.stm32cube.ide.mcu.externaltools.gnu-tools-for-stm32.13.3.rel1.win32_1.0.0.202411081344/tools/bin/../lib/gcc/arm-none-eabi/13.3.1/thumb/v8-m.main+fp/hard/crtbegin.o
 *(.bss*)
 .bss._millis   0x20000034        0x4 ./Core/Src/main.o
                0x20000034                _millis
 .bss.htim1     0x20000038       0x4c ./Core/Src/main.o
                0x20000038                htim1
 .bss.htim2     0x20000084       0x4c ./Core/Src/main.o
                0x20000084                htim2
 .bss.sensor    0x200000d0        0x7 ./Core/Src/main.o
                0x200000d0                sensor
 *fill*         0x200000d7        0x1 
 .bss.Ki        0x200000d8        0x4 ./Core/Src/main.o
                0x200000d8                Ki
 .bss.error     0x200000dc        0x4 ./Core/Src/main.o
                0x200000dc                error
 .bss.P         0x200000e0        0x4 ./Core/Src/main.o
                0x200000e0                P
 .bss.I         0x200000e4        0x4 ./Core/Src/main.o
                0x200000e4                I
 .bss.D         0x200000e8        0x4 ./Core/Src/main.o
                0x200000e8                D
 .bss.PID_value
                0x200000ec        0x4 ./Core/Src/main.o
                0x200000ec                PID_value
 .bss.previous_error
                0x200000f0        0x4 ./Core/Src/main.o
                0x200000f0                previous_error
 .bss.previous_I
                0x200000f4        0x4 ./Core/Src/main.o
                0x200000f4                previous_I
 .bss.left_motor_speed
                0x200000f8        0x2 ./Core/Src/main.o
                0x200000f8                left_motor_speed
 .bss.right_motor_speed
                0x200000fa        0x2 ./Core/Src/main.o
                0x200000fa                right_motor_speed
 .bss.count     0x200000fc        0x1 ./Core/Src/main.o
                0x200000fc                count
 *fill*         0x200000fd        0x3 
 .bss.uwTick    0x20000100        0x4 ./Drivers/STM32H5xx_HAL_Driver/Src/stm32h5xx_hal.o
                0x20000100                uwTick
 *(COMMON)
                0x20000104                        . = ALIGN (0x4)
                0x20000104                        _ebss = .
                0x20000104                        __bss_end__ = _ebss

._user_heap_stack
                0x20000104      0x604 load address 0x08003a68
                0x20000108                        . = ALIGN (0x8)
 *fill*         0x20000104        0x4 
                [!provide]                        PROVIDE (end = .)
                0x20000108                        PROVIDE (_end = .)
                0x20000308                        . = (. + _Min_Heap_Size)
 *fill*         0x20000108      0x200 
                0x20000708                        . = (. + _Min_Stack_Size)
 *fill*         0x20000308      0x400 
                0x20000708                        . = ALIGN (0x8)

/DISCARD/
 libc.a(*)
 libm.a(*)
 libgcc.a(*)

.ARM.attributes
                0x00000000       0x36
 *(.ARM.attributes)
 .ARM.attributes
                0x00000000       0x26 C:/ST/STM32CubeIDE_1.18.1/STM32CubeIDE/plugins/com.st.stm32cube.ide.mcu.externaltools.gnu-tools-for-stm32.13.3.rel1.win32_1.0.0.202411081344/tools/bin/../lib/gcc/arm-none-eabi/13.3.1/thumb/v8-m.main+fp/hard/crti.o
 .ARM.attributes
                0x00000026       0x38 C:/ST/STM32CubeIDE_1.18.1/STM32CubeIDE/plugins/com.st.stm32cube.ide.mcu.externaltools.gnu-tools-for-stm32.13.3.rel1.win32_1.0.0.202411081344/tools/bin/../lib/gcc/arm-none-eabi/13.3.1/thumb/v8-m.main+fp/hard/crtbegin.o
 .ARM.attributes
                0x0000005e       0x3a ./Core/Src/main.o
 .ARM.attributes
                0x00000098       0x3a ./Core/Src/stm32h5xx_hal_msp.o
 .ARM.attributes
                0x000000d2       0x3a ./Core/Src/stm32h5xx_it.o
 .ARM.attributes
                0x0000010c       0x3a ./Core/Src/system_stm32h5xx.o
 .ARM.attributes
                0x00000146       0x24 ./Core/Startup/startup_stm32h503cbux.o
 .ARM.attributes
                0x0000016a       0x3a ./Drivers/STM32H5xx_HAL_Driver/Src/stm32h5xx_hal.o
 .ARM.attributes
                0x000001a4       0x3a ./Drivers/STM32H5xx_HAL_Driver/Src/stm32h5xx_hal_cortex.o
 .ARM.attributes
                0x000001de       0x3a ./Drivers/STM32H5xx_HAL_Driver/Src/stm32h5xx_hal_gpio.o
 .ARM.attributes
                0x00000218       0x3a ./Drivers/STM32H5xx_HAL_Driver/Src/stm32h5xx_hal_rcc.o
 .ARM.attributes
                0x00000252       0x3a ./Drivers/STM32H5xx_HAL_Driver/Src/stm32h5xx_hal_tim.o
 .ARM.attributes
                0x0000028c       0x3a ./Drivers/STM32H5xx_HAL_Driver/Src/stm32h5xx_hal_tim_ex.o
 .ARM.attributes
                0x000002c6       0x38 C:/ST/STM32CubeIDE_1.18.1/STM32CubeIDE/plugins/com.st.stm32cube.ide.mcu.externaltools.gnu-tools-for-stm32.13.3.rel1.win32_1.0.0.202411081344/tools/bin/../lib/gcc/arm-none-eabi/13.3.1/../../../../arm-none-eabi/lib/thumb/v8-m.main+fp/hard\libc_nano.a(libc_a-memset.o)
 .ARM.attributes
                0x000002fe       0x38 C:/ST/STM32CubeIDE_1.18.1/STM32CubeIDE/plugins/com.st.stm32cube.ide.mcu.externaltools.gnu-tools-for-stm32.13.3.rel1.win32_1.0.0.202411081344/tools/bin/../lib/gcc/arm-none-eabi/13.3.1/../../../../arm-none-eabi/lib/thumb/v8-m.main+fp/hard\libc_nano.a(libc_a-init.o)
 .ARM.attributes
                0x00000336       0x26 C:/ST/STM32CubeIDE_1.18.1/STM32CubeIDE/plugins/com.st.stm32cube.ide.mcu.externaltools.gnu-tools-for-stm32.13.3.rel1.win32_1.0.0.202411081344/tools/bin/../lib/gcc/arm-none-eabi/13.3.1/thumb/v8-m.main+fp/hard/crtn.o
OUTPUT(test.elf elf32-littlearm)
LOAD linker stubs
LOAD C:/ST/STM32CubeIDE_1.18.1/STM32CubeIDE/plugins/com.st.stm32cube.ide.mcu.externaltools.gnu-tools-for-stm32.13.3.rel1.win32_1.0.0.202411081344/tools/bin/../lib/gcc/arm-none-eabi/13.3.1/../../../../arm-none-eabi/lib/thumb/v8-m.main+fp/hard\libc.a
LOAD C:/ST/STM32CubeIDE_1.18.1/STM32CubeIDE/plugins/com.st.stm32cube.ide.mcu.externaltools.gnu-tools-for-stm32.13.3.rel1.win32_1.0.0.202411081344/tools/bin/../lib/gcc/arm-none-eabi/13.3.1/../../../../arm-none-eabi/lib/thumb/v8-m.main+fp/hard\libm.a
LOAD C:/ST/STM32CubeIDE_1.18.1/STM32CubeIDE/plugins/com.st.stm32cube.ide.mcu.externaltools.gnu-tools-for-stm32.13.3.rel1.win32_1.0.0.202411081344/tools/bin/../lib/gcc/arm-none-eabi/13.3.1/thumb/v8-m.main+fp/hard\libgcc.a

.debug_info     0x00000000     0xc494
 .debug_info    0x00000000     0x1ea9 ./Core/Src/main.o
 .debug_info    0x00001ea9      0xeaf ./Core/Src/stm32h5xx_hal_msp.o
 .debug_info    0x00002d58      0x1ef ./Core/Src/stm32h5xx_it.o
 .debug_info    0x00002f47      0xc0b ./Core/Src/system_stm32h5xx.o
 .debug_info    0x00003b52       0x30 ./Core/Startup/startup_stm32h503cbux.o
 .debug_info    0x00003b82     0x1069 ./Drivers/STM32H5xx_HAL_Driver/Src/stm32h5xx_hal.o
 .debug_info    0x00004beb     0x1522 ./Drivers/STM32H5xx_HAL_Driver/Src/stm32h5xx_hal_cortex.o
 .debug_info    0x0000610d      0x6aa ./Drivers/STM32H5xx_HAL_Driver/Src/stm32h5xx_hal_gpio.o
 .debug_info    0x000067b7      0xfdf ./Drivers/STM32H5xx_HAL_Driver/Src/stm32h5xx_hal_rcc.o
 .debug_info    0x00007796     0x2e54 ./Drivers/STM32H5xx_HAL_Driver/Src/stm32h5xx_hal_tim.o
 .debug_info    0x0000a5ea     0x1eaa ./Drivers/STM32H5xx_HAL_Driver/Src/stm32h5xx_hal_tim_ex.o

.debug_abbrev   0x00000000     0x1783
 .debug_abbrev  0x00000000      0x39e ./Core/Src/main.o
 .debug_abbrev  0x0000039e      0x20d ./Core/Src/stm32h5xx_hal_msp.o
 .debug_abbrev  0x000005ab       0xd0 ./Core/Src/stm32h5xx_it.o
 .debug_abbrev  0x0000067b      0x13a ./Core/Src/system_stm32h5xx.o
 .debug_abbrev  0x000007b5       0x24 ./Core/Startup/startup_stm32h503cbux.o
 .debug_abbrev  0x000007d9      0x2ac ./Drivers/STM32H5xx_HAL_Driver/Src/stm32h5xx_hal.o
 .debug_abbrev  0x00000a85      0x311 ./Drivers/STM32H5xx_HAL_Driver/Src/stm32h5xx_hal_cortex.o
 .debug_abbrev  0x00000d96      0x1db ./Drivers/STM32H5xx_HAL_Driver/Src/stm32h5xx_hal_gpio.o
 .debug_abbrev  0x00000f71      0x28e ./Drivers/STM32H5xx_HAL_Driver/Src/stm32h5xx_hal_rcc.o
 .debug_abbrev  0x000011ff      0x2bd ./Drivers/STM32H5xx_HAL_Driver/Src/stm32h5xx_hal_tim.o
 .debug_abbrev  0x000014bc      0x2c7 ./Drivers/STM32H5xx_HAL_Driver/Src/stm32h5xx_hal_tim_ex.o

.debug_aranges  0x00000000      0xba8
 .debug_aranges
                0x00000000       0x98 ./Core/Src/main.o
 .debug_aranges
                0x00000098       0x38 ./Core/Src/stm32h5xx_hal_msp.o
 .debug_aranges
                0x000000d0       0x68 ./Core/Src/stm32h5xx_it.o
 .debug_aranges
                0x00000138       0x28 ./Core/Src/system_stm32h5xx.o
 .debug_aranges
                0x00000160       0x28 ./Core/Startup/startup_stm32h503cbux.o
 .debug_aranges
                0x00000188      0x1a0 ./Drivers/STM32H5xx_HAL_Driver/Src/stm32h5xx_hal.o
 .debug_aranges
                0x00000328      0x140 ./Drivers/STM32H5xx_HAL_Driver/Src/stm32h5xx_hal_cortex.o
 .debug_aranges
                0x00000468       0x78 ./Drivers/STM32H5xx_HAL_Driver/Src/stm32h5xx_hal_gpio.o
 .debug_aranges
                0x000004e0       0xa0 ./Drivers/STM32H5xx_HAL_Driver/Src/stm32h5xx_hal_rcc.o
 .debug_aranges
                0x00000580      0x3e8 ./Drivers/STM32H5xx_HAL_Driver/Src/stm32h5xx_hal_tim.o
 .debug_aranges
                0x00000968      0x240 ./Drivers/STM32H5xx_HAL_Driver/Src/stm32h5xx_hal_tim_ex.o

.debug_rnglists
                0x00000000      0x903
 .debug_rnglists
                0x00000000       0x77 ./Core/Src/main.o
 .debug_rnglists
                0x00000077       0x26 ./Core/Src/stm32h5xx_hal_msp.o
 .debug_rnglists
                0x0000009d       0x49 ./Core/Src/stm32h5xx_it.o
 .debug_rnglists
                0x000000e6       0x1b ./Core/Src/system_stm32h5xx.o
 .debug_rnglists
                0x00000101       0x19 ./Core/Startup/startup_stm32h503cbux.o
 .debug_rnglists
                0x0000011a      0x134 ./Drivers/STM32H5xx_HAL_Driver/Src/stm32h5xx_hal.o
 .debug_rnglists
                0x0000024e       0xec ./Drivers/STM32H5xx_HAL_Driver/Src/stm32h5xx_hal_cortex.o
 .debug_rnglists
                0x0000033a       0x57 ./Drivers/STM32H5xx_HAL_Driver/Src/stm32h5xx_hal_gpio.o
 .debug_rnglists
                0x00000391       0x79 ./Drivers/STM32H5xx_HAL_Driver/Src/stm32h5xx_hal_rcc.o
 .debug_rnglists
                0x0000040a      0x32e ./Drivers/STM32H5xx_HAL_Driver/Src/stm32h5xx_hal_tim.o
 .debug_rnglists
                0x00000738      0x1cb ./Drivers/STM32H5xx_HAL_Driver/Src/stm32h5xx_hal_tim_ex.o

.debug_macro    0x00000000    0x1f0e3
 .debug_macro   0x00000000      0x2c1 ./Core/Src/main.o
 .debug_macro   0x000002c1      0xade ./Core/Src/main.o
 .debug_macro   0x00000d9f      0x1c4 ./Core/Src/main.o
 .debug_macro   0x00000f63       0x22 ./Core/Src/main.o
 .debug_macro   0x00000f85       0x5b ./Core/Src/main.o
 .debug_macro   0x00000fe0       0x2a ./Core/Src/main.o
 .debug_macro   0x0000100a       0x94 ./Core/Src/main.o
 .debug_macro   0x0000109e       0x43 ./Core/Src/main.o
 .debug_macro   0x000010e1       0x34 ./Core/Src/main.o
 .debug_macro   0x00001115      0x190 ./Core/Src/main.o
 .debug_macro   0x000012a5       0x57 ./Core/Src/main.o
 .debug_macro   0x000012fc      0x370 ./Core/Src/main.o
 .debug_macro   0x0000166c       0x16 ./Core/Src/main.o
 .debug_macro   0x00001682       0x4a ./Core/Src/main.o
 .debug_macro   0x000016cc       0x34 ./Core/Src/main.o
 .debug_macro   0x00001700       0x10 ./Core/Src/main.o
 .debug_macro   0x00001710       0x58 ./Core/Src/main.o
 .debug_macro   0x00001768       0x8e ./Core/Src/main.o
 .debug_macro   0x000017f6       0x1c ./Core/Src/main.o
 .debug_macro   0x00001812      0x185 ./Core/Src/main.o
 .debug_macro   0x00001997      0x19b ./Core/Src/main.o
 .debug_macro   0x00001b32       0x28 ./Core/Src/main.o
 .debug_macro   0x00001b5a       0x42 ./Core/Src/main.o
 .debug_macro   0x00001b9c      0x103 ./Core/Src/main.o
 .debug_macro   0x00001c9f       0x6a ./Core/Src/main.o
 .debug_macro   0x00001d09      0x1df ./Core/Src/main.o
 .debug_macro   0x00001ee8       0x1c ./Core/Src/main.o
 .debug_macro   0x00001f04       0x29 ./Core/Src/main.o
 .debug_macro   0x00001f2d       0xfb ./Core/Src/main.o
 .debug_macro   0x00002028     0x1685 ./Core/Src/main.o
 .debug_macro   0x000036ad       0x5e ./Core/Src/main.o
 .debug_macro   0x0000370b    0x11feb ./Core/Src/main.o
 .debug_macro   0x000156f6       0x6d ./Core/Src/main.o
 .debug_macro   0x00015763     0x388a ./Core/Src/main.o
 .debug_macro   0x00018fed       0x63 ./Core/Src/main.o
 .debug_macro   0x00019050     0x146a ./Core/Src/main.o
 .debug_macro   0x0001a4ba      0x75e ./Core/Src/main.o
 .debug_macro   0x0001ac18      0x166 ./Core/Src/main.o
 .debug_macro   0x0001ad7e      0x1a6 ./Core/Src/main.o
 .debug_macro   0x0001af24      0x527 ./Core/Src/main.o
 .debug_macro   0x0001b44b      0x40f ./Core/Src/main.o
 .debug_macro   0x0001b85a       0xd6 ./Core/Src/main.o
 .debug_macro   0x0001b930      0x1cd ./Core/Src/main.o
 .debug_macro   0x0001bafd      0x1c3 ./Core/Src/main.o
 .debug_macro   0x0001bcc0      0x4e8 ./Core/Src/main.o
 .debug_macro   0x0001c1a8       0x58 ./Core/Src/main.o
 .debug_macro   0x0001c200      0x272 ./Core/Src/main.o
 .debug_macro   0x0001c472      0x1a6 ./Core/Src/main.o
 .debug_macro   0x0001c618      0xbe8 ./Core/Src/main.o
 .debug_macro   0x0001d200      0x2bd ./Core/Src/main.o
 .debug_macro   0x0001d4bd      0x20a ./Core/Src/main.o
 .debug_macro   0x0001d6c7      0x38f ./Core/Src/main.o
 .debug_macro   0x0001da56       0x16 ./Core/Src/main.o
 .debug_macro   0x0001da6c       0x3c ./Core/Src/main.o
 .debug_macro   0x0001daa8       0x16 ./Core/Src/main.o
 .debug_macro   0x0001dabe       0x29 ./Core/Src/main.o
 .debug_macro   0x0001dae7      0x263 ./Core/Src/stm32h5xx_hal_msp.o
 .debug_macro   0x0001dd4a      0x26d ./Core/Src/stm32h5xx_it.o
 .debug_macro   0x0001dfb7      0x260 ./Core/Src/system_stm32h5xx.o
 .debug_macro   0x0001e217      0x289 ./Drivers/STM32H5xx_HAL_Driver/Src/stm32h5xx_hal.o
 .debug_macro   0x0001e4a0      0x259 ./Drivers/STM32H5xx_HAL_Driver/Src/stm32h5xx_hal_cortex.o
 .debug_macro   0x0001e6f9      0x28f ./Drivers/STM32H5xx_HAL_Driver/Src/stm32h5xx_hal_gpio.o
 .debug_macro   0x0001e988      0x29b ./Drivers/STM32H5xx_HAL_Driver/Src/stm32h5xx_hal_rcc.o
 .debug_macro   0x0001ec23      0x261 ./Drivers/STM32H5xx_HAL_Driver/Src/stm32h5xx_hal_tim.o
 .debug_macro   0x0001ee84      0x25f ./Drivers/STM32H5xx_HAL_Driver/Src/stm32h5xx_hal_tim_ex.o

.debug_line     0x00000000     0xc5ae
 .debug_line    0x00000000     0x10ac ./Core/Src/main.o
 .debug_line    0x000010ac      0x8eb ./Core/Src/stm32h5xx_hal_msp.o
 .debug_line    0x00001997      0x92b ./Core/Src/stm32h5xx_it.o
 .debug_line    0x000022c2      0x9bb ./Core/Src/system_stm32h5xx.o
 .debug_line    0x00002c7d       0x77 ./Core/Startup/startup_stm32h503cbux.o
 .debug_line    0x00002cf4      0xe1c ./Drivers/STM32H5xx_HAL_Driver/Src/stm32h5xx_hal.o
 .debug_line    0x00003b10      0xe9a ./Drivers/STM32H5xx_HAL_Driver/Src/stm32h5xx_hal_cortex.o
 .debug_line    0x000049aa      0xc54 ./Drivers/STM32H5xx_HAL_Driver/Src/stm32h5xx_hal_gpio.o
 .debug_line    0x000055fe     0x13bb ./Drivers/STM32H5xx_HAL_Driver/Src/stm32h5xx_hal_rcc.o
 .debug_line    0x000069b9     0x3cbd ./Drivers/STM32H5xx_HAL_Driver/Src/stm32h5xx_hal_tim.o
 .debug_line    0x0000a676     0x1f38 ./Drivers/STM32H5xx_HAL_Driver/Src/stm32h5xx_hal_tim_ex.o

.debug_str      0x00000000    0xc8580
 .debug_str     0x00000000    0xc8580 ./Core/Src/main.o
                              0xc5d32 (size before relaxing)
 .debug_str     0x000c8580    0xc4f1b ./Core/Src/stm32h5xx_hal_msp.o
 .debug_str     0x000c8580    0xc4659 ./Core/Src/stm32h5xx_it.o
 .debug_str     0x000c8580    0xc4a2d ./Core/Src/system_stm32h5xx.o
 .debug_str     0x000c8580       0x6f ./Core/Startup/startup_stm32h503cbux.o
 .debug_str     0x000c8580    0xc55a0 ./Drivers/STM32H5xx_HAL_Driver/Src/stm32h5xx_hal.o
 .debug_str     0x000c8580    0xc530a ./Drivers/STM32H5xx_HAL_Driver/Src/stm32h5xx_hal_cortex.o
 .debug_str     0x000c8580    0xc490b ./Drivers/STM32H5xx_HAL_Driver/Src/stm32h5xx_hal_gpio.o
 .debug_str     0x000c8580    0xc4f6d ./Drivers/STM32H5xx_HAL_Driver/Src/stm32h5xx_hal_rcc.o
 .debug_str     0x000c8580    0xc5d59 ./Drivers/STM32H5xx_HAL_Driver/Src/stm32h5xx_hal_tim.o
 .debug_str     0x000c8580    0xc5983 ./Drivers/STM32H5xx_HAL_Driver/Src/stm32h5xx_hal_tim_ex.o

.comment        0x00000000       0x43
 .comment       0x00000000       0x43 ./Core/Src/main.o
                                 0x44 (size before relaxing)
 .comment       0x00000043       0x44 ./Core/Src/stm32h5xx_hal_msp.o
 .comment       0x00000043       0x44 ./Core/Src/stm32h5xx_it.o
 .comment       0x00000043       0x44 ./Core/Src/system_stm32h5xx.o
 .comment       0x00000043       0x44 ./Drivers/STM32H5xx_HAL_Driver/Src/stm32h5xx_hal.o
 .comment       0x00000043       0x44 ./Drivers/STM32H5xx_HAL_Driver/Src/stm32h5xx_hal_cortex.o
 .comment       0x00000043       0x44 ./Drivers/STM32H5xx_HAL_Driver/Src/stm32h5xx_hal_gpio.o
 .comment       0x00000043       0x44 ./Drivers/STM32H5xx_HAL_Driver/Src/stm32h5xx_hal_rcc.o
 .comment       0x00000043       0x44 ./Drivers/STM32H5xx_HAL_Driver/Src/stm32h5xx_hal_tim.o
 .comment       0x00000043       0x44 ./Drivers/STM32H5xx_HAL_Driver/Src/stm32h5xx_hal_tim_ex.o

.debug_frame    0x00000000     0x315c
 .debug_frame   0x00000000      0x21c ./Core/Src/main.o
 .debug_frame   0x0000021c       0xa4 ./Core/Src/stm32h5xx_hal_msp.o
 .debug_frame   0x000002c0      0x120 ./Core/Src/stm32h5xx_it.o
 .debug_frame   0x000003e0       0x60 ./Core/Src/system_stm32h5xx.o
 .debug_frame   0x00000440      0x66c ./Drivers/STM32H5xx_HAL_Driver/Src/stm32h5xx_hal.o
 .debug_frame   0x00000aac      0x560 ./Drivers/STM32H5xx_HAL_Driver/Src/stm32h5xx_hal_cortex.o
 .debug_frame   0x0000100c      0x1ec ./Drivers/STM32H5xx_HAL_Driver/Src/stm32h5xx_hal_gpio.o
 .debug_frame   0x000011f8      0x264 ./Drivers/STM32H5xx_HAL_Driver/Src/stm32h5xx_hal_rcc.o
 .debug_frame   0x0000145c     0x124c ./Drivers/STM32H5xx_HAL_Driver/Src/stm32h5xx_hal_tim.o
 .debug_frame   0x000026a8      0xa68 ./Drivers/STM32H5xx_HAL_Driver/Src/stm32h5xx_hal_tim_ex.o
 .debug_frame   0x00003110       0x20 C:/ST/STM32CubeIDE_1.18.1/STM32CubeIDE/plugins/com.st.stm32cube.ide.mcu.externaltools.gnu-tools-for-stm32.13.3.rel1.win32_1.0.0.202411081344/tools/bin/../lib/gcc/arm-none-eabi/13.3.1/../../../../arm-none-eabi/lib/thumb/v8-m.main+fp/hard\libc_nano.a(libc_a-memset.o)
 .debug_frame   0x00003130       0x2c C:/ST/STM32CubeIDE_1.18.1/STM32CubeIDE/plugins/com.st.stm32cube.ide.mcu.externaltools.gnu-tools-for-stm32.13.3.rel1.win32_1.0.0.202411081344/tools/bin/../lib/gcc/arm-none-eabi/13.3.1/../../../../arm-none-eabi/lib/thumb/v8-m.main+fp/hard\libc_nano.a(libc_a-init.o)

.debug_line_str
                0x00000000       0x53
 .debug_line_str
                0x00000000       0x53 ./Core/Startup/startup_stm32h503cbux.o
